******************************************************************************
             TMS320C2000 Linker PC v21.6.1                     
******************************************************************************
>> Linked Thu May 25 09:46:53 2023

OUTPUT FILE NAME:   <Example_2806xClaAdcFir.out>
ENTRY POINT SYMBOL: "code_start"  address: 00000000


MEMORY CONFIGURATION

         name            origin    length      used     unused   attr    fill
----------------------  --------  ---------  --------  --------  ----  --------
PAGE 0:
  BEGIN                 00000000   00000002  00000002  00000000  RWIX
  RAMM0                 00000050   000003b0  0000002b  00000385  RWIX
  RAML0_L2              00008000   00001000  00000a4c  000005b4  RWIX
  RAML3                 00009000   00001000  00000070  00000f90  RWIX
  FPUTABLES             003fd590   000006a0  00000000  000006a0  RWIX
  IQTABLES              003fdf00   00000b50  00000000  00000b50  RWIX
  IQTABLES2             003fea50   0000008c  00000000  0000008c  RWIX
  IQTABLES3             003feadc   000000aa  00000000  000000aa  RWIX
  BOOTROM               003ff3b0   00000c10  00000000  00000c10  RWIX
  RESET                 003fffc0   00000002  00000000  00000002  RWIX

PAGE 1:
  BOOT_RSVD             00000002   0000004e  00000000  0000004e  RWIX
  RAMM1                 00000400   00000400  00000200  00000200  RWIX
  DEV_EMU               00000880   00000105  00000004  00000101  RWIX
  SYS_PWR_CTL           00000985   00000003  00000003  00000000  RWIX
  FLASH_REGS            00000a80   00000060  00000008  00000058  RWIX
  CSM                   00000ae0   00000020  00000010  00000010  RWIX
  ADC_RESULT            00000b00   00000020  00000010  00000010  RWIX
  CPU_TIMER0            00000c00   00000008  00000008  00000000  RWIX
  CPU_TIMER1            00000c08   00000008  00000008  00000000  RWIX
  CPU_TIMER2            00000c10   00000008  00000008  00000000  RWIX
  PIE_CTRL              00000ce0   00000020  0000001a  00000006  RWIX
  PIE_VECT              00000d00   00000100  00000100  00000000  RWIX
  DMA                   00001000   00000200  000000e0  00000120  RWIX
  CLA1                  00001400   00000080  00000040  00000040  RWIX
  CLA1_MSGRAMLOW        00001480   00000080  0000000c  00000074  RWIX
  CLA1_MSGRAMHIGH       00001500   00000080  0000000a  00000076  RWIX
  USB0                  00004000   00001000  00000454  00000bac  RWIX
  McBSPA                00005000   00000040  00000024  0000001c  RWIX
  ECANA                 00006000   00000040  00000034  0000000c  RWIX
  ECANA_LAM             00006040   00000040  00000040  00000000  RWIX
  ECANA_MOTS            00006080   00000040  00000040  00000000  RWIX
  ECANA_MOTO            000060c0   00000040  00000040  00000000  RWIX
  ECANA_MBOX            00006100   00000100  00000100  00000000  RWIX
  COMP1                 00006400   00000020  00000014  0000000c  RWIX
  COMP2                 00006420   00000020  00000014  0000000c  RWIX
  COMP3                 00006440   00000020  00000014  0000000c  RWIX
  EPWM1                 00006800   00000040  00000040  00000000  RWIX
  EPWM2                 00006840   00000040  00000040  00000000  RWIX
  EPWM3                 00006880   00000040  00000040  00000000  RWIX
  EPWM4                 000068c0   00000040  00000040  00000000  RWIX
  EPWM5                 00006900   00000040  00000040  00000000  RWIX
  EPWM6                 00006940   00000040  00000040  00000000  RWIX
  EPWM7                 00006980   00000040  00000040  00000000  RWIX
  EPWM8                 000069c0   00000040  00000040  00000000  RWIX
  ECAP1                 00006a00   00000020  00000020  00000000  RWIX
  ECAP2                 00006a20   00000020  00000020  00000000  RWIX
  ECAP3                 00006a40   00000020  00000020  00000000  RWIX
  HRCAP1                00006ac0   00000020  00000020  00000000  RWIX
  HRCAP2                00006ae0   00000020  00000020  00000000  RWIX
  EQEP1                 00006b00   00000040  00000022  0000001e  RWIX
  EQEP2                 00006b40   00000040  00000022  0000001e  RWIX
  HRCAP3                00006c80   00000020  00000020  00000000  RWIX
  HRCAP4                00006ca0   00000020  00000020  00000000  RWIX
  GPIOCTRL              00006f80   00000040  00000040  00000000  RWIX
  GPIODAT               00006fc0   00000020  00000020  00000000  RWIX
  GPIOINT               00006fe0   00000020  00000020  00000000  RWIX
  SYSTEM                00007010   00000030  00000030  00000000  RWIX
  SPIA                  00007040   00000010  00000010  00000000  RWIX
  SCIA                  00007050   00000010  00000010  00000000  RWIX
  NMIINTRUPT            00007060   00000010  00000010  00000000  RWIX
  XINTRUPT              00007070   00000010  00000010  00000000  RWIX
  ADC                   00007100   00000080  00000050  00000030  RWIX
  SPIB                  00007740   00000010  00000010  00000000  RWIX
  SCIB                  00007750   00000010  00000010  00000000  RWIX
  I2CA                  00007900   00000040  00000022  0000001e  RWIX
  CLARAM0               00008800   00000400  00000000  00000400  RWIX
  RAML4                 0000a000   00002000  00000260  00001da0  RWIX
  RAML5                 0000c000   00002000  00000000  00002000  RWIX
  RAML6                 0000e000   00002000  00000000  00002000  RWIX
  RAML7                 00010000   00002000  00000000  00002000  RWIX
  RAML8                 00012000   00002000  00000000  00002000  RWIX
  USB_RAM               00040000   00000800  00000000  00000800  RWIX
  PARTID                003d7e80   00000001  00000001  00000000  RWIX
  CSM_PWL               003f7ff8   00000008  00000008  00000000  RWIX


SECTION ALLOCATION MAP

 output                                  attributes/
section   page    origin      length       input sections
--------  ----  ----------  ----------   ----------------
codestart 
*          0    00000000    00000002     
                  00000000    00000002     F2806x_CodeStartBranch.obj (codestart)

.cinit     0    00000050    00000027     
                  00000050    0000000e     rts2800_fpu32.lib : exit.c.obj (.cinit)
                  0000005e    0000000d     Example_2806xClaAdcFir.obj (.cinit)
                  0000006b    00000005     rts2800_fpu32.lib : _lock.c.obj (.cinit:__lock)
                  00000070    00000005                       : _lock.c.obj (.cinit:__unlock)
                  00000075    00000002     --HOLE-- [fill = 0]

ramfuncs   0    00000077    00000004     
                  00000077    00000004     F2806x_usDelay.obj (ramfuncs)

.text      0    00008070    000009dc     
                  00008070    0000039b     F2806x_DefaultIsr.obj (.text:retain)
                  0000840b    0000023a     F2806x_Adc.obj (.text)
                  00008645    00000192     F2806x_SysCtrl.obj (.text)
                  000087d7    000000f6     Example_2806xClaAdcFir.obj (.text)
                  000088cd    00000056     rts2800_fpu32.lib : boot28.asm.obj (.text)
                  00008923    00000036     Example_2806xClaAdcFir.obj (.text:retain)
                  00008959    00000029     rts2800_fpu32.lib : exit.c.obj (.text)
                  00008982    00000028     F2806x_PieCtrl.obj (.text)
                  000089aa    00000026     F2806x_PieVect.obj (.text)
                  000089d0    00000024     rts2800_fpu32.lib : cpy_tbl.c.obj (.text)
                  000089f4    0000001d                       : memcpy.c.obj (.text)
                  00008a11    00000015     F2806x_Gpio.obj (.text)
                  00008a26    00000012     rts2800_fpu32.lib : args_main.c.obj (.text)
                  00008a38    00000009                       : _lock.c.obj (.text)
                  00008a41    00000008     F2806x_CodeStartBranch.obj (.text)
                  00008a49    00000002     rts2800_fpu32.lib : pre_init.c.obj (.text)
                  00008a4b    00000001                       : startup.c.obj (.text)

.pinit     0    00000050    00000000     UNINITIALIZED

.reset     0    003fffc0    00000002     DSECT
                  003fffc0    00000002     rts2800_fpu32.lib : boot28.asm.obj (.reset)

.stack     1    00000400    00000200     UNINITIALIZED
                  00000400    00000200     --HOLE--

DevEmuRegsFile 
*          1    00000880    00000004     UNINITIALIZED
                  00000880    00000004     F2806x_GlobalVariableDefs.obj (DevEmuRegsFile)

SysPwrCtrlRegsFile 
*          1    00000985    00000003     UNINITIALIZED
                  00000985    00000003     F2806x_GlobalVariableDefs.obj (SysPwrCtrlRegsFile)

FlashRegsFile 
*          1    00000a80    00000008     UNINITIALIZED
                  00000a80    00000008     F2806x_GlobalVariableDefs.obj (FlashRegsFile)

CsmRegsFile 
*          1    00000ae0    00000010     UNINITIALIZED
                  00000ae0    00000010     F2806x_GlobalVariableDefs.obj (CsmRegsFile)

AdcResultFile 
*          1    00000b00    00000010     UNINITIALIZED
                  00000b00    00000010     F2806x_GlobalVariableDefs.obj (AdcResultFile)

CpuTimer0RegsFile 
*          1    00000c00    00000008     UNINITIALIZED
                  00000c00    00000008     F2806x_GlobalVariableDefs.obj (CpuTimer0RegsFile)

CpuTimer1RegsFile 
*          1    00000c08    00000008     UNINITIALIZED
                  00000c08    00000008     F2806x_GlobalVariableDefs.obj (CpuTimer1RegsFile)

CpuTimer2RegsFile 
*          1    00000c10    00000008     UNINITIALIZED
                  00000c10    00000008     F2806x_GlobalVariableDefs.obj (CpuTimer2RegsFile)

PieCtrlRegsFile 
*          1    00000ce0    0000001a     UNINITIALIZED
                  00000ce0    0000001a     F2806x_GlobalVariableDefs.obj (PieCtrlRegsFile)

PieVectTableFile 
*          1    00000d00    00000100     UNINITIALIZED
                  00000d00    00000100     F2806x_GlobalVariableDefs.obj (PieVectTableFile)

EmuKeyVar 
*          1    00000d00    00000001     UNINITIALIZED
                  00000d00    00000001     F2806x_GlobalVariableDefs.obj (EmuKeyVar)

EmuBModeVar 
*          1    00000d01    00000001     UNINITIALIZED
                  00000d01    00000001     F2806x_GlobalVariableDefs.obj (EmuBModeVar)

FlashCallbackVar 
*          1    00000d02    00000002     UNINITIALIZED
                  00000d02    00000002     F2806x_GlobalVariableDefs.obj (FlashCallbackVar)

FlashScalingVar 
*          1    00000d04    00000002     UNINITIALIZED
                  00000d04    00000002     F2806x_GlobalVariableDefs.obj (FlashScalingVar)

DmaRegsFile 
*          1    00001000    000000e0     UNINITIALIZED
                  00001000    000000e0     F2806x_GlobalVariableDefs.obj (DmaRegsFile)

Cla1RegsFile 
*          1    00001400    00000040     UNINITIALIZED
                  00001400    00000040     F2806x_GlobalVariableDefs.obj (Cla1RegsFile)

Usb0RegsFile 
*          1    00004000    00000454     UNINITIALIZED
                  00004000    00000454     F2806x_GlobalVariableDefs.obj (Usb0RegsFile)

McbspaRegsFile 
*          1    00005000    00000024     UNINITIALIZED
                  00005000    00000024     F2806x_GlobalVariableDefs.obj (McbspaRegsFile)

ECanaMOTSRegsFile 
*          1    00006080    00000040     UNINITIALIZED
                  00006080    00000040     F2806x_GlobalVariableDefs.obj (ECanaMOTSRegsFile)

ECanaMOTORegsFile 
*          1    000060c0    00000040     UNINITIALIZED
                  000060c0    00000040     F2806x_GlobalVariableDefs.obj (ECanaMOTORegsFile)

Comp1RegsFile 
*          1    00006400    00000014     UNINITIALIZED
                  00006400    00000014     F2806x_GlobalVariableDefs.obj (Comp1RegsFile)

Comp2RegsFile 
*          1    00006420    00000014     UNINITIALIZED
                  00006420    00000014     F2806x_GlobalVariableDefs.obj (Comp2RegsFile)

Comp3RegsFile 
*          1    00006440    00000014     UNINITIALIZED
                  00006440    00000014     F2806x_GlobalVariableDefs.obj (Comp3RegsFile)

EPwm1RegsFile 
*          1    00006800    00000040     UNINITIALIZED
                  00006800    00000040     F2806x_GlobalVariableDefs.obj (EPwm1RegsFile)

EPwm2RegsFile 
*          1    00006840    00000040     UNINITIALIZED
                  00006840    00000040     F2806x_GlobalVariableDefs.obj (EPwm2RegsFile)

EPwm3RegsFile 
*          1    00006880    00000040     UNINITIALIZED
                  00006880    00000040     F2806x_GlobalVariableDefs.obj (EPwm3RegsFile)

EPwm4RegsFile 
*          1    000068c0    00000040     UNINITIALIZED
                  000068c0    00000040     F2806x_GlobalVariableDefs.obj (EPwm4RegsFile)

EPwm5RegsFile 
*          1    00006900    00000040     UNINITIALIZED
                  00006900    00000040     F2806x_GlobalVariableDefs.obj (EPwm5RegsFile)

EPwm6RegsFile 
*          1    00006940    00000040     UNINITIALIZED
                  00006940    00000040     F2806x_GlobalVariableDefs.obj (EPwm6RegsFile)

EPwm7RegsFile 
*          1    00006980    00000040     UNINITIALIZED
                  00006980    00000040     F2806x_GlobalVariableDefs.obj (EPwm7RegsFile)

EPwm8RegsFile 
*          1    000069c0    00000040     UNINITIALIZED
                  000069c0    00000040     F2806x_GlobalVariableDefs.obj (EPwm8RegsFile)

HRCap1RegsFile 
*          1    00006ac0    00000020     UNINITIALIZED
                  00006ac0    00000020     F2806x_GlobalVariableDefs.obj (HRCap1RegsFile)

HRCap2RegsFile 
*          1    00006ae0    00000020     UNINITIALIZED
                  00006ae0    00000020     F2806x_GlobalVariableDefs.obj (HRCap2RegsFile)

HRCap3RegsFile 
*          1    00006c80    00000020     UNINITIALIZED
                  00006c80    00000020     F2806x_GlobalVariableDefs.obj (HRCap3RegsFile)

HRCap4RegsFile 
*          1    00006ca0    00000020     UNINITIALIZED
                  00006ca0    00000020     F2806x_GlobalVariableDefs.obj (HRCap4RegsFile)

SciaRegsFile 
*          1    00007050    00000010     UNINITIALIZED
                  00007050    00000010     F2806x_GlobalVariableDefs.obj (SciaRegsFile)

NmiIntruptRegsFile 
*          1    00007060    00000010     UNINITIALIZED
                  00007060    00000010     F2806x_GlobalVariableDefs.obj (NmiIntruptRegsFile)

XIntruptRegsFile 
*          1    00007070    00000010     UNINITIALIZED
                  00007070    00000010     F2806x_GlobalVariableDefs.obj (XIntruptRegsFile)

AdcRegsFile 
*          1    00007100    00000050     UNINITIALIZED
                  00007100    00000050     F2806x_GlobalVariableDefs.obj (AdcRegsFile)

.ebss      1    0000a000    00000160     UNINITIALIZED
                  0000a000    000000a0     Example_2806xClaAdcFir.obj (.ebss:_AdcBuf)
                  0000a0a0    00000006     rts2800_fpu32.lib : exit.c.obj (.ebss)
                  0000a0a6    00000002                       : _lock.c.obj (.ebss:__lock)
                  0000a0a8    00000002                       : _lock.c.obj (.ebss:__unlock)
                  0000a0aa    00000001     Example_2806xClaAdcFir.obj (.ebss)
                  0000a0ab    00000015     --HOLE--
                  0000a0c0    000000a0     Example_2806xClaAdcFir.obj (.ebss:_AdcFiltBuf)

.econst    1    0000a160    00000100     
                  0000a160    00000100     F2806x_PieVect.obj (.econst:_PieVectTableInit)

Cla1Prog   0    00008000    00000070     RUN ADDR = 00009000
                  00008000    00000070     CLA_FIR.obj (Cla1Prog)

Cla1ToCpuMsgRAM 
*          1    00001480    0000000c     UNINITIALIZED
                  00001480    0000000c     Example_2806xClaAdcFir.obj (Cla1ToCpuMsgRAM)

CpuToCla1MsgRAM 
*          1    00001500    0000000a     UNINITIALIZED
                  00001500    0000000a     Example_2806xClaAdcFir.obj (CpuToCla1MsgRAM)

ECanaRegsFile 
*          1    00006000    00000034     UNINITIALIZED
                  00006000    00000034     F2806x_GlobalVariableDefs.obj (ECanaRegsFile)

ECanaLAMRegsFile 
*          1    00006040    00000040     UNINITIALIZED
                  00006040    00000040     F2806x_GlobalVariableDefs.obj (ECanaLAMRegsFile)

ECanaMboxesFile 
*          1    00006100    00000100     UNINITIALIZED
                  00006100    00000100     F2806x_GlobalVariableDefs.obj (ECanaMboxesFile)

ECap1RegsFile 
*          1    00006a00    00000020     UNINITIALIZED
                  00006a00    00000020     F2806x_GlobalVariableDefs.obj (ECap1RegsFile)

ECap2RegsFile 
*          1    00006a20    00000020     UNINITIALIZED
                  00006a20    00000020     F2806x_GlobalVariableDefs.obj (ECap2RegsFile)

ECap3RegsFile 
*          1    00006a40    00000020     UNINITIALIZED
                  00006a40    00000020     F2806x_GlobalVariableDefs.obj (ECap3RegsFile)

EQep1RegsFile 
*          1    00006b00    00000022     UNINITIALIZED
                  00006b00    00000022     F2806x_GlobalVariableDefs.obj (EQep1RegsFile)

EQep2RegsFile 
*          1    00006b40    00000022     UNINITIALIZED
                  00006b40    00000022     F2806x_GlobalVariableDefs.obj (EQep2RegsFile)

GpioCtrlRegsFile 
*          1    00006f80    00000040     UNINITIALIZED
                  00006f80    00000040     F2806x_GlobalVariableDefs.obj (GpioCtrlRegsFile)

GpioDataRegsFile 
*          1    00006fc0    00000020     UNINITIALIZED
                  00006fc0    00000020     F2806x_GlobalVariableDefs.obj (GpioDataRegsFile)

GpioIntRegsFile 
*          1    00006fe0    00000020     UNINITIALIZED
                  00006fe0    00000020     F2806x_GlobalVariableDefs.obj (GpioIntRegsFile)

SysCtrlRegsFile 
*          1    00007010    00000030     UNINITIALIZED
                  00007010    00000030     F2806x_GlobalVariableDefs.obj (SysCtrlRegsFile)

SpiaRegsFile 
*          1    00007040    00000010     UNINITIALIZED
                  00007040    00000010     F2806x_GlobalVariableDefs.obj (SpiaRegsFile)

SpibRegsFile 
*          1    00007740    00000010     UNINITIALIZED
                  00007740    00000010     F2806x_GlobalVariableDefs.obj (SpibRegsFile)

ScibRegsFile 
*          1    00007750    00000010     UNINITIALIZED
                  00007750    00000010     F2806x_GlobalVariableDefs.obj (ScibRegsFile)

I2caRegsFile 
*          1    00007900    00000022     UNINITIALIZED
                  00007900    00000022     F2806x_GlobalVariableDefs.obj (I2caRegsFile)

PartIdRegsFile 
*          1    003d7e80    00000001     UNINITIALIZED
                  003d7e80    00000001     F2806x_GlobalVariableDefs.obj (PartIdRegsFile)

CsmPwlFile 
*          1    003f7ff8    00000008     UNINITIALIZED
                  003f7ff8    00000008     F2806x_GlobalVariableDefs.obj (CsmPwlFile)

MODULE SUMMARY

       Module                          code   initialized data   uninitialized data
       ------                          ----   ----------------   ------------------
    .\
       F2806x_GlobalVariableDefs.obj   0      0                  3550              
       F2806x_DefaultIsr.obj           923    0                  0                 
       Example_2806xClaAdcFir.obj      300    13                 343               
       F2806x_Adc.obj                  570    0                  0                 
       F2806x_SysCtrl.obj              402    0                  0                 
       F2806x_PieVect.obj              38     256                0                 
       CLA_FIR.obj                     224    0                  0                 
       F2806x_PieCtrl.obj              40     0                  0                 
       F2806x_Gpio.obj                 21     0                  0                 
       F2806x_CodeStartBranch.obj      10     0                  0                 
       F2806x_usDelay.obj              4      0                  0                 
    +--+-------------------------------+------+------------------+--------------------+
       Total:                          2532   269                3893              
                                                                                   
    C:/ti/ccs1210/ccs/tools/compiler/ti-cgt-c2000_21.6.1.LTS/lib/rts2800_fpu32.lib
       boot28.asm.obj                  86     0                  0                 
       exit.c.obj                      41     14                 6                 
       cpy_tbl.c.obj                   36     0                  0                 
       memcpy.c.obj                    29     0                  0                 
       _lock.c.obj                     9      10                 4                 
       args_main.c.obj                 18     0                  0                 
       pre_init.c.obj                  2      0                  0                 
       startup.c.obj                   1      0                  0                 
    +--+-------------------------------+------+------------------+--------------------+
       Total:                          222    24                 10                
                                                                                   
       Stack:                          0      0                  512               
    +--+-------------------------------+------+------------------+--------------------+
       Grand Total:                    2754   293                4415              


GLOBAL DATA SYMBOLS: SORTED BY DATA PAGE

address     data page           name
--------    ----------------    ----
00000400      10 (00000400)     __stack

00000880      22 (00000880)     _DevEmuRegs

00000985      26 (00000980)     _SysPwrCtrlRegs

00000a80      2a (00000a80)     _FlashRegs

00000ae0      2b (00000ac0)     _CsmRegs

00000b00      2c (00000b00)     _AdcResult

00000c00      30 (00000c00)     _CpuTimer0Regs
00000c08      30 (00000c00)     _CpuTimer1Regs
00000c10      30 (00000c00)     _CpuTimer2Regs

00000ce0      33 (00000cc0)     _PieCtrlRegs

00000d00      34 (00000d00)     _EmuKey
00000d00      34 (00000d00)     _PieVectTable
00000d01      34 (00000d00)     _EmuBMode
00000d02      34 (00000d00)     _Flash_CallbackPtr
00000d04      34 (00000d00)     _Flash_CPUScaleFactor

00001000      40 (00001000)     _DmaRegs

00001400      50 (00001400)     _Cla1Regs

00001480      52 (00001480)     _VoltFilt
00001482      52 (00001480)     _X

00001500      54 (00001500)     _A

00004000     100 (00004000)     _Usb0Regs

00005000     140 (00005000)     _McbspaRegs

00006000     180 (00006000)     _ECanaRegs

00006040     181 (00006040)     _ECanaLAMRegs

00006080     182 (00006080)     _ECanaMOTSRegs

000060c0     183 (000060c0)     _ECanaMOTORegs

00006100     184 (00006100)     _ECanaMboxes

00006400     190 (00006400)     _Comp1Regs
00006420     190 (00006400)     _Comp2Regs

00006440     191 (00006440)     _Comp3Regs

00006800     1a0 (00006800)     _EPwm1Regs

00006840     1a1 (00006840)     _EPwm2Regs

00006880     1a2 (00006880)     _EPwm3Regs

000068c0     1a3 (000068c0)     _EPwm4Regs

00006900     1a4 (00006900)     _EPwm5Regs

00006940     1a5 (00006940)     _EPwm6Regs

00006980     1a6 (00006980)     _EPwm7Regs

000069c0     1a7 (000069c0)     _EPwm8Regs

00006a00     1a8 (00006a00)     _ECap1Regs
00006a20     1a8 (00006a00)     _ECap2Regs

00006a40     1a9 (00006a40)     _ECap3Regs

00006ac0     1ab (00006ac0)     _HRCap1Regs
00006ae0     1ab (00006ac0)     _HRCap2Regs

00006b00     1ac (00006b00)     _EQep1Regs

00006b40     1ad (00006b40)     _EQep2Regs

00006c80     1b2 (00006c80)     _HRCap3Regs
00006ca0     1b2 (00006c80)     _HRCap4Regs

00006f80     1be (00006f80)     _GpioCtrlRegs

00006fc0     1bf (00006fc0)     _GpioDataRegs
00006fe0     1bf (00006fc0)     _GpioIntRegs

00007010     1c0 (00007000)     _SysCtrlRegs

00007040     1c1 (00007040)     _SpiaRegs
00007050     1c1 (00007040)     _SciaRegs
00007060     1c1 (00007040)     _NmiIntruptRegs
00007070     1c1 (00007040)     _XIntruptRegs

00007100     1c4 (00007100)     _AdcRegs

00007740     1dd (00007740)     _SpibRegs
00007750     1dd (00007740)     _ScibRegs

00007900     1e4 (00007900)     _I2caRegs

0000a000     280 (0000a000)     _AdcBuf

0000a0a0     282 (0000a080)     ___TI_enable_exit_profile_output
0000a0a2     282 (0000a080)     ___TI_cleanup_ptr
0000a0a4     282 (0000a080)     ___TI_dtors_ptr
0000a0a6     282 (0000a080)     __lock
0000a0a8     282 (0000a080)     __unlock
0000a0aa     282 (0000a080)     _SampleCount

0000a0c0     283 (0000a0c0)     _AdcFiltBuf

0000a160     285 (0000a140)     _PieVectTableInit

003d7e80    f5fa (003d7e80)     _PartIdRegs

003f7ff8    fdff (003f7fc0)     _CsmPwl


GLOBAL SYMBOLS: SORTED ALPHABETICALLY BY Name 

page  address   name                            
----  -------   ----                            
0     00008070  .text                           
0     00008959  C$$EXIT                         
1     00001500  _A                              
0     0000812e  _ADCINT1_ISR                    
0     00008138  _ADCINT2_ISR                    
0     00008340  _ADCINT3_ISR                    
0     0000834a  _ADCINT4_ISR                    
0     00008354  _ADCINT5_ISR                    
0     0000835e  _ADCINT6_ISR                    
0     00008368  _ADCINT7_ISR                    
0     00008372  _ADCINT8_ISR                    
0     00008156  _ADCINT9_ISR                    
1     0000a000  _AdcBuf                         
0     0000847f  _AdcChanSelect                  
0     000084f4  _AdcConversion                  
1     0000a0c0  _AdcFiltBuf                     
0     00008458  _AdcOffsetSelfCal               
1     00007100  _AdcRegs                        
1     00000b00  _AdcResult                      
0     0000837c  _CLA1_INT1_ISR                  
0     00008386  _CLA1_INT2_ISR                  
0     00008390  _CLA1_INT3_ISR                  
0     0000839a  _CLA1_INT4_ISR                  
0     000083a4  _CLA1_INT5_ISR                  
0     000083ae  _CLA1_INT6_ISR                  
0     000083b8  _CLA1_INT7_ISR                  
0     000083c2  _CLA1_INT8_ISR                  
0     00009000  _Cla1Prog_Start                 
1     00001400  _Cla1Regs                       
0     00009008  _Cla1T1End                      
0     00009010  _Cla1T2End                      
0     00009018  _Cla1T3End                      
0     00009020  _Cla1T4End                      
0     00009028  _Cla1T5End                      
0     00009030  _Cla1T6End                      
0     0000905e  _Cla1T7End                      
0     00009070  _Cla1T8End                      
0     00009000  _Cla1Task1                      
0     00009008  _Cla1Task2                      
0     00009010  _Cla1Task3                      
0     00009018  _Cla1Task4                      
0     00009020  _Cla1Task5                      
0     00009028  _Cla1Task6                      
0     00009030  _Cla1Task7                      
0     0000905e  _Cla1Task8                      
0     00008070  _Cla1funcsLoadEnd               
abs   00000070  _Cla1funcsLoadSize              
0     00008000  _Cla1funcsLoadStart             
0     00009000  _Cla1funcsRunStart              
1     00006400  _Comp1Regs                      
1     00006420  _Comp2Regs                      
1     00006440  _Comp3Regs                      
1     00000c00  _CpuTimer0Regs                  
1     00000c08  _CpuTimer1Regs                  
1     00000c10  _CpuTimer2Regs                  
1     003f7ff8  _CsmPwl                         
1     00000ae0  _CsmRegs                        
0     0000874a  _CsmUnlock                      
0     00008084  _DATALOG_ISR                    
0     000082b4  _DINTCH1_ISR                    
0     000082be  _DINTCH2_ISR                    
0     000082c8  _DINTCH3_ISR                    
0     000082d2  _DINTCH4_ISR                    
0     000082dc  _DINTCH5_ISR                    
0     000082e6  _DINTCH6_ISR                    
0     00000077  _DSP28x_usDelay                 
1     00000880  _DevEmuRegs                     
0     00008669  _DisableDog                     
1     00001000  _DmaRegs                        
0     0000832c  _ECAN0INTA_ISR                  
0     00008336  _ECAN1INTA_ISR                  
0     00008214  _ECAP1_INT_ISR                  
0     0000821e  _ECAP2_INT_ISR                  
0     00008228  _ECAP3_INT_ISR                  
1     00006040  _ECanaLAMRegs                   
1     000060c0  _ECanaMOTORegs                  
1     00006080  _ECanaMOTSRegs                  
1     00006100  _ECanaMboxes                    
1     00006000  _ECanaRegs                      
1     00006a00  _ECap1Regs                      
1     00006a20  _ECap2Regs                      
1     00006a40  _ECap3Regs                      
0     000083ea  _EMPTY_ISR                      
0     00008098  _EMUINT_ISR                     
0     000081c4  _EPWM1_INT_ISR                  
0     00008174  _EPWM1_TZINT_ISR                
0     000081ce  _EPWM2_INT_ISR                  
0     0000817e  _EPWM2_TZINT_ISR                
0     000081d8  _EPWM3_INT_ISR                  
0     00008188  _EPWM3_TZINT_ISR                
0     000081e2  _EPWM4_INT_ISR                  
0     00008192  _EPWM4_TZINT_ISR                
0     000081ec  _EPWM5_INT_ISR                  
0     0000819c  _EPWM5_TZINT_ISR                
0     000081f6  _EPWM6_INT_ISR                  
0     000081a6  _EPWM6_TZINT_ISR                
0     00008200  _EPWM7_INT_ISR                  
0     000081b0  _EPWM7_TZINT_ISR                
0     0000820a  _EPWM8_INT_ISR                  
0     000081ba  _EPWM8_TZINT_ISR                
1     00006800  _EPwm1Regs                      
1     00006840  _EPwm2Regs                      
1     00006880  _EPwm3Regs                      
1     000068c0  _EPwm4Regs                      
1     00006900  _EPwm5Regs                      
1     00006940  _EPwm6Regs                      
1     00006980  _EPwm7Regs                      
1     000069c0  _EPwm8Regs                      
0     00008246  _EQEP1_INT_ISR                  
0     00008250  _EQEP2_INT_ISR                  
1     00006b00  _EQep1Regs                      
1     00006b40  _EQep2Regs                      
1     00000d01  _EmuBMode                       
1     00000d00  _EmuKey                         
0     000089a1  _EnableInterrupts               
0     000087c1  _ExtOscSel                      
1     00000a80  _FlashRegs                      
1     00000d04  _Flash_CPUScaleFactor           
1     00000d02  _Flash_CallbackPtr              
1     00006f80  _GpioCtrlRegs                   
1     00006fc0  _GpioDataRegs                   
1     00006fe0  _GpioIntRegs                    
0     00008232  _HRCAP1_INT_ISR                 
0     0000823c  _HRCAP2_INT_ISR                 
0     0000825a  _HRCAP3_INT_ISR                 
0     00008264  _HRCAP4_INT_ISR                 
1     00006ac0  _HRCap1Regs                     
1     00006ae0  _HRCap2Regs                     
1     00006c80  _HRCap3Regs                     
1     00006ca0  _HRCap4Regs                     
0     000082f0  _I2CINT1A_ISR                   
0     000082fa  _I2CINT2A_ISR                   
1     00007900  _I2caRegs                       
0     000080ac  _ILLEGAL_ISR                    
0     00008070  _INT13_ISR                      
0     0000807a  _INT14_ISR                      
0     0000840b  _InitAdc                        
0     00008436  _InitAdcAio                     
0     00008a11  _InitGpio                       
0     000086f4  _InitPeripheralClocks           
0     00008982  _InitPieCtrl                    
0     000089aa  _InitPieVectTable               
0     00008671  _InitPll                        
0     000086c6  _InitPll2                       
0     00008645  _InitSysCtrl                    
0     0000877b  _IntOsc1Sel                     
0     0000878b  _IntOsc2Sel                     
0     000083e0  _LUF_ISR                        
0     000083d6  _LVF_ISR                        
0     000082a0  _MRINTA_ISR                     
0     000082aa  _MXINTA_ISR                     
1     00005000  _McbspaRegs                     
0     000080a2  _NMI_ISR                        
1     00007060  _NmiIntruptRegs                 
0     000083f7  _PIE_RESERVED                   
1     003d7e80  _PartIdRegs                     
1     00000ce0  _PieCtrlRegs                    
1     00000d00  _PieVectTable                   
1     0000a160  _PieVectTableInit               
0     0000808e  _RTOSINT_ISR                    
0     00008304  _SCIRXINTA_ISR                  
0     00008318  _SCIRXINTB_ISR                  
0     0000830e  _SCITXINTA_ISR                  
0     00008322  _SCITXINTB_ISR                  
0     00008278  _SPIRXINTA_ISR                  
0     0000828c  _SPIRXINTB_ISR                  
0     00008282  _SPITXINTA_ISR                  
0     00008296  _SPITXINTB_ISR                  
1     0000a0aa  _SampleCount                    
1     00007050  _SciaRegs                       
1     00007750  _ScibRegs                       
0     0000865f  _ServiceDog                     
1     00007040  _SpiaRegs                       
1     00007740  _SpibRegs                       
1     00007010  _SysCtrlRegs                    
1     00000985  _SysPwrCtrlRegs                 
0     00008160  _TINT0_ISR                      
0     0000826e  _USB0_INT_ISR                   
0     00008110  _USER10_ISR                     
0     0000811a  _USER11_ISR                     
0     00008124  _USER12_ISR                     
0     000080b6  _USER1_ISR                      
0     000080c0  _USER2_ISR                      
0     000080ca  _USER3_ISR                      
0     000080d4  _USER4_ISR                      
0     000080de  _USER5_ISR                      
0     000080e8  _USER6_ISR                      
0     000080f2  _USER7_ISR                      
0     000080fc  _USER8_ISR                      
0     00008106  _USER9_ISR                      
1     00004000  _Usb0Regs                       
1     00001480  _VoltFilt                       
0     0000816a  _WAKEINT_ISR                    
1     00001482  _X                              
0     00008142  _XINT1_ISR                      
0     0000814c  _XINT2_ISR                      
0     000083cc  _XINT3_ISR                      
1     00007070  _XIntruptRegs                   
0     000087a5  _XtalOscSel                     
1     00000600  __STACK_END                     
abs   00000200  __STACK_SIZE                    
1     0000a0a2  ___TI_cleanup_ptr               
1     0000a0a4  ___TI_dtors_ptr                 
1     0000a0a0  ___TI_enable_exit_profile_output
abs   ffffffff  ___TI_pprof_out_hndl            
abs   ffffffff  ___TI_prof_data_size            
abs   ffffffff  ___TI_prof_data_start           
abs   ffffffff  ___binit__                      
abs   ffffffff  ___c_args__                     
0     00000050  ___cinit__                      
0     00008a4c  ___etext__                      
abs   ffffffff  ___pinit__                      
0     00008070  ___text__                       
0     00008a26  __args_main                     
1     0000a0a6  __lock                          
0     00008a40  __nop                           
0     00008a3c  __register_lock                 
0     00008a38  __register_unlock               
1     00000400  __stack                         
0     00008a4b  __system_post_cinit             
0     00008a49  __system_pre_init               
1     0000a0a8  __unlock                        
0     00008959  _abort                          
0     000088cd  _c_int00                        
0     00008923  _cla1_isr7                      
0     000089d0  _copy_in                        
0     0000895b  _exit                           
0     00008834  _init_adc                       
0     0000889c  _init_cla                       
0     00008857  _init_epwm1                     
0     00008879  _init_epwm3                     
0     000087d7  _main                           
0     000089f4  _memcpy                         
0     00008401  _rsvd_ISR                       
abs   ffffffff  binit                           
0     00000050  cinit                           
0     00000000  code_start                      
0     00008a4c  etext                           
abs   ffffffff  pinit                           


GLOBAL SYMBOLS: SORTED BY Symbol Address 

page  address   name                            
----  -------   ----                            
0     00000000  code_start                      
0     00000050  ___cinit__                      
0     00000050  cinit                           
0     00000077  _DSP28x_usDelay                 
0     00008000  _Cla1funcsLoadStart             
0     00008070  .text                           
0     00008070  _Cla1funcsLoadEnd               
0     00008070  _INT13_ISR                      
0     00008070  ___text__                       
0     0000807a  _INT14_ISR                      
0     00008084  _DATALOG_ISR                    
0     0000808e  _RTOSINT_ISR                    
0     00008098  _EMUINT_ISR                     
0     000080a2  _NMI_ISR                        
0     000080ac  _ILLEGAL_ISR                    
0     000080b6  _USER1_ISR                      
0     000080c0  _USER2_ISR                      
0     000080ca  _USER3_ISR                      
0     000080d4  _USER4_ISR                      
0     000080de  _USER5_ISR                      
0     000080e8  _USER6_ISR                      
0     000080f2  _USER7_ISR                      
0     000080fc  _USER8_ISR                      
0     00008106  _USER9_ISR                      
0     00008110  _USER10_ISR                     
0     0000811a  _USER11_ISR                     
0     00008124  _USER12_ISR                     
0     0000812e  _ADCINT1_ISR                    
0     00008138  _ADCINT2_ISR                    
0     00008142  _XINT1_ISR                      
0     0000814c  _XINT2_ISR                      
0     00008156  _ADCINT9_ISR                    
0     00008160  _TINT0_ISR                      
0     0000816a  _WAKEINT_ISR                    
0     00008174  _EPWM1_TZINT_ISR                
0     0000817e  _EPWM2_TZINT_ISR                
0     00008188  _EPWM3_TZINT_ISR                
0     00008192  _EPWM4_TZINT_ISR                
0     0000819c  _EPWM5_TZINT_ISR                
0     000081a6  _EPWM6_TZINT_ISR                
0     000081b0  _EPWM7_TZINT_ISR                
0     000081ba  _EPWM8_TZINT_ISR                
0     000081c4  _EPWM1_INT_ISR                  
0     000081ce  _EPWM2_INT_ISR                  
0     000081d8  _EPWM3_INT_ISR                  
0     000081e2  _EPWM4_INT_ISR                  
0     000081ec  _EPWM5_INT_ISR                  
0     000081f6  _EPWM6_INT_ISR                  
0     00008200  _EPWM7_INT_ISR                  
0     0000820a  _EPWM8_INT_ISR                  
0     00008214  _ECAP1_INT_ISR                  
0     0000821e  _ECAP2_INT_ISR                  
0     00008228  _ECAP3_INT_ISR                  
0     00008232  _HRCAP1_INT_ISR                 
0     0000823c  _HRCAP2_INT_ISR                 
0     00008246  _EQEP1_INT_ISR                  
0     00008250  _EQEP2_INT_ISR                  
0     0000825a  _HRCAP3_INT_ISR                 
0     00008264  _HRCAP4_INT_ISR                 
0     0000826e  _USB0_INT_ISR                   
0     00008278  _SPIRXINTA_ISR                  
0     00008282  _SPITXINTA_ISR                  
0     0000828c  _SPIRXINTB_ISR                  
0     00008296  _SPITXINTB_ISR                  
0     000082a0  _MRINTA_ISR                     
0     000082aa  _MXINTA_ISR                     
0     000082b4  _DINTCH1_ISR                    
0     000082be  _DINTCH2_ISR                    
0     000082c8  _DINTCH3_ISR                    
0     000082d2  _DINTCH4_ISR                    
0     000082dc  _DINTCH5_ISR                    
0     000082e6  _DINTCH6_ISR                    
0     000082f0  _I2CINT1A_ISR                   
0     000082fa  _I2CINT2A_ISR                   
0     00008304  _SCIRXINTA_ISR                  
0     0000830e  _SCITXINTA_ISR                  
0     00008318  _SCIRXINTB_ISR                  
0     00008322  _SCITXINTB_ISR                  
0     0000832c  _ECAN0INTA_ISR                  
0     00008336  _ECAN1INTA_ISR                  
0     00008340  _ADCINT3_ISR                    
0     0000834a  _ADCINT4_ISR                    
0     00008354  _ADCINT5_ISR                    
0     0000835e  _ADCINT6_ISR                    
0     00008368  _ADCINT7_ISR                    
0     00008372  _ADCINT8_ISR                    
0     0000837c  _CLA1_INT1_ISR                  
0     00008386  _CLA1_INT2_ISR                  
0     00008390  _CLA1_INT3_ISR                  
0     0000839a  _CLA1_INT4_ISR                  
0     000083a4  _CLA1_INT5_ISR                  
0     000083ae  _CLA1_INT6_ISR                  
0     000083b8  _CLA1_INT7_ISR                  
0     000083c2  _CLA1_INT8_ISR                  
0     000083cc  _XINT3_ISR                      
0     000083d6  _LVF_ISR                        
0     000083e0  _LUF_ISR                        
0     000083ea  _EMPTY_ISR                      
0     000083f7  _PIE_RESERVED                   
0     00008401  _rsvd_ISR                       
0     0000840b  _InitAdc                        
0     00008436  _InitAdcAio                     
0     00008458  _AdcOffsetSelfCal               
0     0000847f  _AdcChanSelect                  
0     000084f4  _AdcConversion                  
0     00008645  _InitSysCtrl                    
0     0000865f  _ServiceDog                     
0     00008669  _DisableDog                     
0     00008671  _InitPll                        
0     000086c6  _InitPll2                       
0     000086f4  _InitPeripheralClocks           
0     0000874a  _CsmUnlock                      
0     0000877b  _IntOsc1Sel                     
0     0000878b  _IntOsc2Sel                     
0     000087a5  _XtalOscSel                     
0     000087c1  _ExtOscSel                      
0     000087d7  _main                           
0     00008834  _init_adc                       
0     00008857  _init_epwm1                     
0     00008879  _init_epwm3                     
0     0000889c  _init_cla                       
0     000088cd  _c_int00                        
0     00008923  _cla1_isr7                      
0     00008959  C$$EXIT                         
0     00008959  _abort                          
0     0000895b  _exit                           
0     00008982  _InitPieCtrl                    
0     000089a1  _EnableInterrupts               
0     000089aa  _InitPieVectTable               
0     000089d0  _copy_in                        
0     000089f4  _memcpy                         
0     00008a11  _InitGpio                       
0     00008a26  __args_main                     
0     00008a38  __register_unlock               
0     00008a3c  __register_lock                 
0     00008a40  __nop                           
0     00008a49  __system_pre_init               
0     00008a4b  __system_post_cinit             
0     00008a4c  ___etext__                      
0     00008a4c  etext                           
0     00009000  _Cla1Prog_Start                 
0     00009000  _Cla1Task1                      
0     00009000  _Cla1funcsRunStart              
0     00009008  _Cla1T1End                      
0     00009008  _Cla1Task2                      
0     00009010  _Cla1T2End                      
0     00009010  _Cla1Task3                      
0     00009018  _Cla1T3End                      
0     00009018  _Cla1Task4                      
0     00009020  _Cla1T4End                      
0     00009020  _Cla1Task5                      
0     00009028  _Cla1T5End                      
0     00009028  _Cla1Task6                      
0     00009030  _Cla1T6End                      
0     00009030  _Cla1Task7                      
0     0000905e  _Cla1T7End                      
0     0000905e  _Cla1Task8                      
0     00009070  _Cla1T8End                      
1     00000400  __stack                         
1     00000600  __STACK_END                     
1     00000880  _DevEmuRegs                     
1     00000985  _SysPwrCtrlRegs                 
1     00000a80  _FlashRegs                      
1     00000ae0  _CsmRegs                        
1     00000b00  _AdcResult                      
1     00000c00  _CpuTimer0Regs                  
1     00000c08  _CpuTimer1Regs                  
1     00000c10  _CpuTimer2Regs                  
1     00000ce0  _PieCtrlRegs                    
1     00000d00  _EmuKey                         
1     00000d00  _PieVectTable                   
1     00000d01  _EmuBMode                       
1     00000d02  _Flash_CallbackPtr              
1     00000d04  _Flash_CPUScaleFactor           
1     00001000  _DmaRegs                        
1     00001400  _Cla1Regs                       
1     00001480  _VoltFilt                       
1     00001482  _X                              
1     00001500  _A                              
1     00004000  _Usb0Regs                       
1     00005000  _McbspaRegs                     
1     00006000  _ECanaRegs                      
1     00006040  _ECanaLAMRegs                   
1     00006080  _ECanaMOTSRegs                  
1     000060c0  _ECanaMOTORegs                  
1     00006100  _ECanaMboxes                    
1     00006400  _Comp1Regs                      
1     00006420  _Comp2Regs                      
1     00006440  _Comp3Regs                      
1     00006800  _EPwm1Regs                      
1     00006840  _EPwm2Regs                      
1     00006880  _EPwm3Regs                      
1     000068c0  _EPwm4Regs                      
1     00006900  _EPwm5Regs                      
1     00006940  _EPwm6Regs                      
1     00006980  _EPwm7Regs                      
1     000069c0  _EPwm8Regs                      
1     00006a00  _ECap1Regs                      
1     00006a20  _ECap2Regs                      
1     00006a40  _ECap3Regs                      
1     00006ac0  _HRCap1Regs                     
1     00006ae0  _HRCap2Regs                     
1     00006b00  _EQep1Regs                      
1     00006b40  _EQep2Regs                      
1     00006c80  _HRCap3Regs                     
1     00006ca0  _HRCap4Regs                     
1     00006f80  _GpioCtrlRegs                   
1     00006fc0  _GpioDataRegs                   
1     00006fe0  _GpioIntRegs                    
1     00007010  _SysCtrlRegs                    
1     00007040  _SpiaRegs                       
1     00007050  _SciaRegs                       
1     00007060  _NmiIntruptRegs                 
1     00007070  _XIntruptRegs                   
1     00007100  _AdcRegs                        
1     00007740  _SpibRegs                       
1     00007750  _ScibRegs                       
1     00007900  _I2caRegs                       
1     0000a000  _AdcBuf                         
1     0000a0a0  ___TI_enable_exit_profile_output
1     0000a0a2  ___TI_cleanup_ptr               
1     0000a0a4  ___TI_dtors_ptr                 
1     0000a0a6  __lock                          
1     0000a0a8  __unlock                        
1     0000a0aa  _SampleCount                    
1     0000a0c0  _AdcFiltBuf                     
1     0000a160  _PieVectTableInit               
1     003d7e80  _PartIdRegs                     
1     003f7ff8  _CsmPwl                         
abs   00000070  _Cla1funcsLoadSize              
abs   00000200  __STACK_SIZE                    
abs   ffffffff  ___TI_pprof_out_hndl            
abs   ffffffff  ___TI_prof_data_size            
abs   ffffffff  ___TI_prof_data_start           
abs   ffffffff  ___binit__                      
abs   ffffffff  ___c_args__                     
abs   ffffffff  ___pinit__                      
abs   ffffffff  binit                           
abs   ffffffff  pinit                           

[239 symbols]
